// Jest Snapshot v1, https://goo.gl/fbAQLP

exports[`History View Period Selector component renders without crashing 1`] = `
<PeriodSelectorMenu
  className="is-seven-eighths"
  header="HISTORY_TIMEFRAME_HEADER"
  modalId="modal-change-timeframe"
  onClick={[Function]}
  options={
    Array [
      Object {
        "id": 1,
        "text": "HISTORY_DAY_VIEW",
        "value": "DAY",
      },
      Object {
        "id": 2,
        "text": "HISTORY_WEEK_VIEW",
        "value": "WEEK",
      },
      Object {
        "id": 3,
        "text": "HISTORY_MONTH_VIEW",
        "value": "MONTH",
      },
      Object {
        "disabled": true,
        "id": 4,
        "text": "HISTORY_YEAR_VIEW",
        "value": "YEAR",
      },
      Object {
        "disabled": true,
        "id": 5,
        "text": "HISTORY_LIFETIME_VIEW",
        "value": "LIFETIME",
      },
      Object {
        "disabled": true,
        "id": 6,
        "text": "HISTORY_CUSTOM_DATES_VIEW",
        "value": "CUSTOM",
      },
    ]
  }
/>
`;
