// Jest Snapshot v1, https://goo.gl/fbAQLP

exports[`RMAInventory renders correctly 1`] = `
<BrowserRouter
  keyLength={0}
>
  <Router
    history={
      Object {
        "action": "POP",
        "block": [Function],
        "createHref": [Function],
        "go": [Function],
        "goBack": [Function],
        "goForward": [Function],
        "length": 1,
        "listen": [Function],
        "location": Object {
          "hash": "",
          "pathname": "/",
          "search": "",
          "state": undefined,
        },
        "push": [Function],
        "replace": [Function],
      }
    }
  >
    <Provider
      store={
        Object {
          "clearActions": [Function],
          "dispatch": [Function],
          "getActions": [Function],
          "getState": [Function],
          "replaceReducer": [Function],
          "subscribe": [Function],
        }
      }
    >
      <RMAInventory>
        <div
          className="rma-add-devices full-height pr-20 pl-20"
        >
          <div
            className="rma-form"
          >
            <p
              className="is-uppercase has-text-centered has-text-weight-bold"
            >
              RMA_ADD_DEVICES_TITLE
            </p>
            <div
              className="collapsible mt-20"
            >
              <div
                className="collapsible-header"
              >
                <div
                  className="collapsible-title"
                >
                  <div
                    className="has-text-weight-bold"
                    htmlFor="MI"
                  >
                    MICROINVERTERS
                  </div>
                </div>
              </div>
              <div
                className="field  mb-20 mt-20"
              >
                <mockConstructor
                  isSearchable={false}
                  onSelect={[Function]}
                  options={
                    Array [
                      Object {
                        "label": 0,
                        "value": 0,
                      },
                      Object {
                        "label": 1,
                        "value": 1,
                      },
                      Object {
                        "label": 2,
                        "value": 2,
                      },
                      Object {
                        "label": 3,
                        "value": 3,
                      },
                      Object {
                        "label": 4,
                        "value": 4,
                      },
                      Object {
                        "label": 5,
                        "value": 5,
                      },
                      Object {
                        "label": 6,
                        "value": 6,
                      },
                      Object {
                        "label": 7,
                        "value": 7,
                      },
                      Object {
                        "label": 8,
                        "value": 8,
                      },
                      Object {
                        "label": 9,
                        "value": 9,
                      },
                      Object {
                        "label": 10,
                        "value": 10,
                      },
                      Object {
                        "label": 11,
                        "value": 11,
                      },
                      Object {
                        "label": 12,
                        "value": 12,
                      },
                      Object {
                        "label": 13,
                        "value": 13,
                      },
                      Object {
                        "label": 14,
                        "value": 14,
                      },
                      Object {
                        "label": 15,
                        "value": 15,
                      },
                      Object {
                        "label": 16,
                        "value": 16,
                      },
                      Object {
                        "label": 17,
                        "value": 17,
                      },
                      Object {
                        "label": 18,
                        "value": 18,
                      },
                      Object {
                        "label": 19,
                        "value": 19,
                      },
                      Object {
                        "label": 20,
                        "value": 20,
                      },
                      Object {
                        "label": 21,
                        "value": 21,
                      },
                      Object {
                        "label": 22,
                        "value": 22,
                      },
                      Object {
                        "label": 23,
                        "value": 23,
                      },
                      Object {
                        "label": 24,
                        "value": 24,
                      },
                      Object {
                        "label": 25,
                        "value": 25,
                      },
                      Object {
                        "label": 26,
                        "value": 26,
                      },
                      Object {
                        "label": 27,
                        "value": 27,
                      },
                      Object {
                        "label": 28,
                        "value": 28,
                      },
                      Object {
                        "label": 29,
                        "value": 29,
                      },
                      Object {
                        "label": 30,
                        "value": 30,
                      },
                      Object {
                        "label": 31,
                        "value": 31,
                      },
                      Object {
                        "label": 32,
                        "value": 32,
                      },
                      Object {
                        "label": 33,
                        "value": 33,
                      },
                      Object {
                        "label": 34,
                        "value": 34,
                      },
                      Object {
                        "label": 35,
                        "value": 35,
                      },
                      Object {
                        "label": 36,
                        "value": 36,
                      },
                      Object {
                        "label": 37,
                        "value": 37,
                      },
                      Object {
                        "label": 38,
                        "value": 38,
                      },
                      Object {
                        "label": 39,
                        "value": 39,
                      },
                      Object {
                        "label": 40,
                        "value": 40,
                      },
                      Object {
                        "label": 41,
                        "value": 41,
                      },
                      Object {
                        "label": 42,
                        "value": 42,
                      },
                      Object {
                        "label": 43,
                        "value": 43,
                      },
                      Object {
                        "label": 44,
                        "value": 44,
                      },
                      Object {
                        "label": 45,
                        "value": 45,
                      },
                      Object {
                        "label": 46,
                        "value": 46,
                      },
                      Object {
                        "label": 47,
                        "value": 47,
                      },
                      Object {
                        "label": 48,
                        "value": 48,
                      },
                      Object {
                        "label": 49,
                        "value": 49,
                      },
                      Object {
                        "label": 50,
                        "value": 50,
                      },
                      Object {
                        "label": 51,
                        "value": 51,
                      },
                      Object {
                        "label": 52,
                        "value": 52,
                      },
                      Object {
                        "label": 53,
                        "value": 53,
                      },
                      Object {
                        "label": 54,
                        "value": 54,
                      },
                      Object {
                        "label": 55,
                        "value": 55,
                      },
                      Object {
                        "label": 56,
                        "value": 56,
                      },
                      Object {
                        "label": 57,
                        "value": 57,
                      },
                      Object {
                        "label": 58,
                        "value": 58,
                      },
                      Object {
                        "label": 59,
                        "value": 59,
                      },
                      Object {
                        "label": 60,
                        "value": 60,
                      },
                      Object {
                        "label": 61,
                        "value": 61,
                      },
                      Object {
                        "label": 62,
                        "value": 62,
                      },
                      Object {
                        "label": 63,
                        "value": 63,
                      },
                      Object {
                        "label": 64,
                        "value": 64,
                      },
                      Object {
                        "label": 65,
                        "value": 65,
                      },
                      Object {
                        "label": 66,
                        "value": 66,
                      },
                      Object {
                        "label": 67,
                        "value": 67,
                      },
                      Object {
                        "label": 68,
                        "value": 68,
                      },
                      Object {
                        "label": 69,
                        "value": 69,
                      },
                      Object {
                        "label": 70,
                        "value": 70,
                      },
                      Object {
                        "label": 71,
                        "value": 71,
                      },
                      Object {
                        "label": 72,
                        "value": 72,
                      },
                      Object {
                        "label": 73,
                        "value": 73,
                      },
                      Object {
                        "label": 74,
                        "value": 74,
                      },
                      Object {
                        "label": 75,
                        "value": 75,
                      },
                      Object {
                        "label": 76,
                        "value": 76,
                      },
                      Object {
                        "label": 77,
                        "value": 77,
                      },
                      Object {
                        "label": 78,
                        "value": 78,
                      },
                      Object {
                        "label": 79,
                        "value": 79,
                      },
                      Object {
                        "label": 80,
                        "value": 80,
                      },
                      Object {
                        "label": 81,
                        "value": 81,
                      },
                      Object {
                        "label": 82,
                        "value": 82,
                      },
                      Object {
                        "label": 83,
                        "value": 83,
                      },
                      Object {
                        "label": 84,
                        "value": 84,
                      },
                      Object {
                        "label": 85,
                        "value": 85,
                      },
                      Object {
                        "label": 86,
                        "value": 86,
                      },
                      Object {
                        "label": 87,
                        "value": 87,
                      },
                      Object {
                        "label": 88,
                        "value": 88,
                      },
                      Object {
                        "label": 89,
                        "value": 89,
                      },
                      Object {
                        "label": 90,
                        "value": 90,
                      },
                      Object {
                        "label": 91,
                        "value": 91,
                      },
                      Object {
                        "label": 92,
                        "value": 92,
                      },
                      Object {
                        "label": 93,
                        "value": 93,
                      },
                      Object {
                        "label": 94,
                        "value": 94,
                      },
                      Object {
                        "label": 95,
                        "value": 95,
                      },
                      Object {
                        "label": 96,
                        "value": 96,
                      },
                      Object {
                        "label": 97,
                        "value": 97,
                      },
                      Object {
                        "label": 98,
                        "value": 98,
                      },
                    ]
                  }
                >
                  <div />
                </mockConstructor>
              </div>
            </div>
            <div
              className="collapsible mt-10"
            >
              <div
                className="collapsible-header"
              >
                <div
                  className="collapsible-title"
                >
                  <label
                    className="has-text-weight-bold"
                    htmlFor="other"
                  >
                    EQUINOX_STORAGE_SYSTEM
                  </label>
                </div>
              </div>
              <div
                className="field  mb-20 mt-20"
              >
                <mockConstructor
                  defaultValue=""
                  isSearchable={false}
                  onSelect={[Function]}
                  options={
                    Array [
                      Object {
                        "label": "NONE",
                        "value": "",
                      },
                      Object {
                        "label": "13KWH_1INV",
                        "value": "13kWh",
                      },
                    ]
                  }
                >
                  <div />
                </mockConstructor>
              </div>
            </div>
            <div
              className="collapsible mt-10"
            >
              <div
                className="collapsible-header"
              >
                <div
                  className="collapsible-title"
                >
                  <input
                    className="mr-10 checkbox"
                    defaultChecked={false}
                    id="other"
                    name="other"
                    onChange={[Function]}
                    type="checkbox"
                  />
                  <label
                    className="has-text-weight-bold"
                    htmlFor="other"
                  >
                    OTHER_DEVICES
                  </label>
                </div>
              </div>
            </div>
          </div>
          <div>
            <p
              className="has-text-centered mt-20 mb-20"
            >
              RMA_ADD_DEVICES_TIP
            </p>
            <div
              className="rma-buttons"
            >
              <button
                className="button half-button-padding is-secondary is-uppercase trigger-scan mr-10"
                onClick={[Function]}
              >
                CANCEL
              </button>
              <button
                className="button half-button-padding is-primary is-uppercase trigger-scan"
                onClick={[Function]}
              >
                CONTINUE
              </button>
            </div>
          </div>
        </div>
      </RMAInventory>
    </Provider>
  </Router>
</BrowserRouter>
`;
