// Jest Snapshot v1, https://goo.gl/fbAQLP

exports[`[Reducer] System Configuration should not change the initial state 1`] = `
Object {
  "canCommission": false,
  "commissioned": false,
  "config": Object {},
  "error": "",
  "preconfigError": "",
  "preconfigState": "NOT_STARTED",
  "submitted": false,
  "submitting": false,
}
`;
