// Jest Snapshot v1, https://goo.gl/fbAQLP

exports[`ForgotPasswordSent page redirects if we are logged in 1`] = `
<Redirect
  to="/"
/>
`;

exports[`ForgotPasswordSent page renders without crashing 1`] = `
<section
  className="forgot-password section full-min-height is-flex"
>
  <BackButtonBar
    history={Object {}}
    to="/login"
  />
  <div
    className="container mt-50 mb-100"
  >
    <Logo />
    <div
      className="container is-spaced has-text-centered mt-40 title is-6"
    >
      <h1>
        CHECK_YOUR_INBOX
      </h1>
    </div>
    <div
      className="container is-spaced mt-30 has-text-centered subtitle is-6"
    >
      <h2>
        FORGOT_PASSWORD_SENT_TEXT
      </h2>
    </div>
  </div>
  <div
    className="container is-spaced mt-100 has-text-centered"
  >
    <span
      className="link"
      onClick={[Function]}
    >
      RESEND_EMAIL
    </span>
  </div>
  <div
    className="container is-flex mt-50"
  />
</section>
`;
