// Jest Snapshot v1, https://goo.gl/fbAQLP

exports[`ModalItem component renders without crashing 1`] = `
<div
  className="modal-item content"
>
  <div
    className="content pl-10 pr-10"
  />
</div>
`;
