// Jest Snapshot v1, https://goo.gl/fbAQLP

exports[`OverlayModalLayout component renders without crashing 1`] = `
<Portal
  containerInfo={<div />}
>
  <Modal
    className="is-half"
    id="modal-root"
  />
</Portal>
`;
