// Jest Snapshot v1, https://goo.gl/fbAQLP

exports[`Bulk Scan screen renders correctly 1`] = `
<BrowserRouter
  keyLength={0}
>
  <Router
    history={
      Object {
        "action": "POP",
        "block": [Function],
        "createHref": [Function],
        "go": [Function],
        "goBack": [Function],
        "goForward": [Function],
        "length": 1,
        "listen": [Function],
        "location": Object {
          "hash": "",
          "pathname": "/",
          "search": "",
          "state": undefined,
        },
        "push": [Function],
        "replace": [Function],
      }
    }
  >
    <Provider
      store={
        Object {
          "clearActions": [Function],
          "dispatch": [Function],
          "getActions": [Function],
          "getState": [Function],
          "replaceReducer": [Function],
          "subscribe": [Function],
        }
      }
    >
      <ScanDeviceLabels>
        <div
          className="scan-labels is-vertical has-text-centered pl-10 pr-10"
        >
          <span
            className="is-uppercase has-text-weight-bold mb-10"
          >
            SCAN_EQUIPMENT
          </span>
          <div
            id="scandit"
          />
          <div
            className="hint-text mt-15 pl-15 pr-15"
          >
            BULK_SCAN_HINT
          </div>
          <div
            className="has-text-white mt-10"
          >
            FOUND_SN 0
          </div>
          <button
            className="button is-primary trigger-scan mt-15"
            onClick={[Function]}
          >
            DONE
          </button>
          <button
            className="button has-text-centered is-uppercase is-secondary has-no-border"
            onClick={[Function]}
          >
            SN_MANUAL_ENTRY
          </button>
        </div>
      </ScanDeviceLabels>
    </Provider>
  </Router>
</BrowserRouter>
`;
