// Jest Snapshot v1, https://goo.gl/fbAQLP

exports[`ForgotPasswordFailed page redirects if we are logged in 1`] = `
<Redirect
  to="/"
/>
`;

exports[`ForgotPasswordFailed page renders without crashing 1`] = `
<section
  className="forgot-password section full-min-height is-flex"
>
  <div
    className="container mt-50 mb-100"
  >
    <Logo />
    <div
      className="container is-spaced has-text-centered mt-40 title is-6"
    >
      <h1>
        FORGOT_PASSWORD_FAILED
      </h1>
    </div>
    <div
      className="container is-spaced mt-30 has-text-centered subtitle is-6"
    >
      <h2>
        FORGOT_PASSWORD_FAILED_TEXT
      </h2>
    </div>
  </div>
  <div
    className="container is-spaced mt-100 has-text-centered"
  >
    <Link
      className="link"
      to={
        Object {
          "pathname": "/sign-up",
        }
      }
    >
      TAB_TITLE_SIGNUP
    </Link>
  </div>
</section>
`;
