// Jest Snapshot v1, https://goo.gl/fbAQLP

exports[`Social component renders without crashing 1`] = `
<div
  className="sp-social-share is-flex"
>
  <h3
    className="dark-text pb-20"
  >
    SOCIAL_FOOTER_TITLE
  </h3>
  <div
    className="share-icons is-flex"
  >
    <a
      href="https://www.facebook.com/sunpower"
      rel="noopener noreferrer"
      target="_blank"
    >
      <ForwardRef(SvgFacebookIcon) />
    </a>
    <a
      className="pt-5"
      href="https://twitter.com/SunPower"
      rel="noopener noreferrer"
      target="_blank"
    >
      <ForwardRef(SvgTwitterIcon) />
    </a>
    <a
      href="https://www.linkedin.com/company/sunpower-corporation"
      rel="noopener noreferrer"
      target="_blank"
    >
      <ForwardRef(SvgLinkedinIcon) />
    </a>
    <a
      className="pt-5"
      href="https://www.youtube.com/user/sunpower"
      rel="noopener noreferrer"
      target="_blank"
    >
      <ForwardRef(SvgYoutubeIcon) />
    </a>
    <a
      className="pt-3"
      href="https://www.instagram.com/sunpower"
      rel="noopener noreferrer"
      target="_blank"
    >
      <ForwardRef(SvgInstagramIcon) />
    </a>
  </div>
</div>
`;
