// Jest Snapshot v1, https://goo.gl/fbAQLP

exports[`Logo component renders without crashing 1`] = `
<div
  className="Logo container"
>
  <div
    className="columns is-centered"
  >
    <div
      className="column is-half"
    >
      <SunPowerImage />
    </div>
  </div>
</div>
`;
